lib/supabase/client.ts(2,31): error TS2307: Cannot find module './types' or its corresponding type declarations.
